{"category":"microtasks","level":"info","message":"[Microtask] running task createLead","timestamp":"2026-03-11T12:11:01.345Z"}
{"category":"microtasks","level":"info","message":"[Microtask] completed task createLead","timestamp":"2026-03-11T12:11:01.353Z"}
{"category":"microtasks","level":"info","message":"[Microtask] running task createConversation","timestamp":"2026-03-11T12:11:01.353Z"}
{"category":"microtasks","level":"info","message":"[Microtask] completed task createConversation","timestamp":"2026-03-11T12:11:01.359Z"}
{"category":"microtasks","level":"info","message":"[Microtask] running task saveMessage","timestamp":"2026-03-11T12:11:01.366Z"}
{"category":"microtasks","level":"error","message":"[Microtask] failed task saveMessage tipos inconsitentes deduzidos do parâmetro $9","stack":"error: tipos inconsitentes deduzidos do parâmetro $9\n    at C:\\projetos\\ai-whatsapp-saas\\backend\\baileys-server\\node_modules\\pg-pool\\index.js:45:11\n    at process.processTicksAndRejections (node:internal/process/task_queues:104:5)\n    at async createMessage (C:\\projetos\\ai-whatsapp-saas\\backend\\baileys-server\\repositories\\messageRepository.js:41:18)\n    at async Object.runTask (C:\\projetos\\ai-whatsapp-saas\\backend\\baileys-server\\microtasks\\saveMessage.js:4:24)\n    at async runTask (C:\\projetos\\ai-whatsapp-saas\\backend\\baileys-server\\services\\microtaskRunner.js:21:20)\n    at async Object.persistConversationMessage (C:\\projetos\\ai-whatsapp-saas\\backend\\baileys-server\\services\\whatsappService.js:551:17)\n    at async Object.registerIncomingMessage (C:\\projetos\\ai-whatsapp-saas\\backend\\baileys-server\\controllers\\messagesController.js:141:18)\n    at async handleIncomingMessage (C:\\projetos\\ai-whatsapp-saas\\backend\\baileys-server\\server.js:179:14)\n    at async EventEmitter.<anonymous> (C:\\projetos\\ai-whatsapp-saas\\backend\\baileys-server\\services\\whatsappService.js:792:18)","taskName":"saveMessage","timestamp":"2026-03-11T12:11:01.371Z"}
{"category":"microtasks","level":"info","message":"[Microtask] running task createLead","timestamp":"2026-03-11T12:25:26.555Z"}
{"category":"microtasks","level":"info","message":"[Microtask] completed task createLead","timestamp":"2026-03-11T12:25:26.602Z"}
{"category":"microtasks","level":"info","message":"[Microtask] running task createConversation","timestamp":"2026-03-11T12:25:26.603Z"}
{"category":"microtasks","level":"info","message":"[Microtask] completed task createConversation","timestamp":"2026-03-11T12:25:26.607Z"}
{"category":"microtasks","level":"info","message":"[Microtask] running task saveMessage","timestamp":"2026-03-11T12:25:26.609Z"}
{"category":"microtasks","level":"error","message":"[Microtask] failed task saveMessage tipos inconsitentes deduzidos do parâmetro $9","stack":"error: tipos inconsitentes deduzidos do parâmetro $9\n    at C:\\projetos\\ai-whatsapp-saas\\backend\\baileys-server\\node_modules\\pg-pool\\index.js:45:11\n    at process.processTicksAndRejections (node:internal/process/task_queues:104:5)\n    at async createMessage (C:\\projetos\\ai-whatsapp-saas\\backend\\baileys-server\\repositories\\messageRepository.js:41:18)\n    at async Object.runTask (C:\\projetos\\ai-whatsapp-saas\\backend\\baileys-server\\microtasks\\saveMessage.js:4:24)\n    at async runTask (C:\\projetos\\ai-whatsapp-saas\\backend\\baileys-server\\services\\microtaskRunner.js:21:20)\n    at async Object.persistConversationMessage (C:\\projetos\\ai-whatsapp-saas\\backend\\baileys-server\\services\\whatsappService.js:551:17)\n    at async Object.registerIncomingMessage (C:\\projetos\\ai-whatsapp-saas\\backend\\baileys-server\\controllers\\messagesController.js:144:14)\n    at async handleIncomingMessage (C:\\projetos\\ai-whatsapp-saas\\backend\\baileys-server\\server.js:179:14)\n    at async EventEmitter.<anonymous> (C:\\projetos\\ai-whatsapp-saas\\backend\\baileys-server\\services\\whatsappService.js:792:18)","taskName":"saveMessage","timestamp":"2026-03-11T12:25:26.614Z"}
{"category":"microtasks","level":"info","message":"[Microtask] running task createLead","timestamp":"2026-03-11T12:31:56.028Z"}
{"category":"microtasks","level":"info","message":"[Microtask] completed task createLead","timestamp":"2026-03-11T12:31:56.186Z"}
{"category":"microtasks","level":"info","message":"[Microtask] running task createConversation","timestamp":"2026-03-11T12:31:56.186Z"}
{"category":"microtasks","level":"info","message":"[Microtask] completed task createConversation","timestamp":"2026-03-11T12:31:56.190Z"}
{"category":"microtasks","level":"info","message":"[Microtask] running task saveMessage","timestamp":"2026-03-11T12:31:56.198Z"}
{"category":"microtasks","level":"error","message":"[Microtask] failed task saveMessage tipos inconsitentes deduzidos do parâmetro $9","stack":"error: tipos inconsitentes deduzidos do parâmetro $9\n    at C:\\projetos\\ai-whatsapp-saas\\backend\\baileys-server\\node_modules\\pg-pool\\index.js:45:11\n    at process.processTicksAndRejections (node:internal/process/task_queues:104:5)\n    at async createMessage (C:\\projetos\\ai-whatsapp-saas\\backend\\baileys-server\\repositories\\messageRepository.js:41:18)\n    at async Object.runTask (C:\\projetos\\ai-whatsapp-saas\\backend\\baileys-server\\microtasks\\saveMessage.js:4:24)\n    at async runTask (C:\\projetos\\ai-whatsapp-saas\\backend\\baileys-server\\services\\microtaskRunner.js:21:20)\n    at async Object.persistConversationMessage (C:\\projetos\\ai-whatsapp-saas\\backend\\baileys-server\\services\\whatsappService.js:551:17)\n    at async Object.registerIncomingMessage (C:\\projetos\\ai-whatsapp-saas\\backend\\baileys-server\\controllers\\messagesController.js:144:14)\n    at async handleIncomingMessage (C:\\projetos\\ai-whatsapp-saas\\backend\\baileys-server\\server.js:194:14)\n    at async EventEmitter.<anonymous> (C:\\projetos\\ai-whatsapp-saas\\backend\\baileys-server\\services\\whatsappService.js:802:18)","taskName":"saveMessage","timestamp":"2026-03-11T12:31:56.204Z"}
{"category":"microtasks","level":"info","message":"[Microtask] running task createLead","timestamp":"2026-03-11T22:24:28.791Z"}
{"category":"microtasks","level":"info","message":"[Microtask] completed task createLead","timestamp":"2026-03-11T22:24:28.814Z"}
{"category":"microtasks","level":"info","message":"[Microtask] running task createConversation","timestamp":"2026-03-11T22:24:28.815Z"}
{"category":"microtasks","level":"info","message":"[Microtask] completed task createConversation","timestamp":"2026-03-11T22:24:28.824Z"}
{"category":"microtasks","level":"info","message":"[Microtask] running task saveMessage","timestamp":"2026-03-11T22:24:28.830Z"}
{"category":"microtasks","level":"info","message":"[Microtask] completed task saveMessage","timestamp":"2026-03-11T22:24:28.845Z"}
{"category":"microtasks","level":"info","message":"[Microtask] running task updateConversation","timestamp":"2026-03-11T22:24:28.846Z"}
{"category":"microtasks","level":"info","message":"[Microtask] completed task updateConversation","timestamp":"2026-03-11T22:24:28.856Z"}
{"category":"microtasks","level":"info","message":"[Microtask] running task emitSocketEvent","timestamp":"2026-03-11T22:24:28.857Z"}
{"category":"microtasks","level":"info","message":"[Microtask] completed task emitSocketEvent","timestamp":"2026-03-11T22:24:28.866Z"}
{"category":"microtasks","level":"info","message":"[Microtask] running task updateMetrics","timestamp":"2026-03-11T22:24:28.867Z"}
{"category":"microtasks","level":"info","message":"[Microtask] completed task updateMetrics","timestamp":"2026-03-11T22:24:28.876Z"}
{"category":"microtasks","level":"info","message":"[Microtask] running task createLead","timestamp":"2026-03-11T22:51:35.106Z"}
{"category":"microtasks","level":"info","message":"[Microtask] completed task createLead","timestamp":"2026-03-11T22:51:35.152Z"}
{"category":"microtasks","level":"info","message":"[Microtask] running task createConversation","timestamp":"2026-03-11T22:51:35.153Z"}
{"category":"microtasks","level":"info","message":"[Microtask] completed task createConversation","timestamp":"2026-03-11T22:51:35.154Z"}
{"category":"microtasks","level":"info","message":"[Microtask] running task saveMessage","timestamp":"2026-03-11T22:51:35.157Z"}
{"category":"microtasks","level":"info","message":"[Microtask] completed task saveMessage","timestamp":"2026-03-11T22:51:35.176Z"}
{"category":"microtasks","level":"info","message":"[Microtask] running task updateConversation","timestamp":"2026-03-11T22:51:35.178Z"}
{"category":"microtasks","level":"info","message":"[Microtask] completed task updateConversation","timestamp":"2026-03-11T22:51:35.186Z"}
{"category":"microtasks","level":"info","message":"[Microtask] running task emitSocketEvent","timestamp":"2026-03-11T22:51:35.186Z"}
{"category":"microtasks","level":"info","message":"[Microtask] completed task emitSocketEvent","timestamp":"2026-03-11T22:51:35.187Z"}
{"category":"microtasks","level":"info","message":"[Microtask] running task updateMetrics","timestamp":"2026-03-11T22:51:35.187Z"}
{"category":"microtasks","level":"info","message":"[Microtask] completed task updateMetrics","timestamp":"2026-03-11T22:51:35.187Z"}
{"category":"microtasks","level":"info","message":"[Microtask] running task createLead","timestamp":"2026-03-19T21:18:01.118Z"}
{"category":"microtasks","level":"info","message":"[Microtask] completed task createLead","timestamp":"2026-03-19T21:18:01.185Z"}
{"category":"microtasks","level":"info","message":"[Microtask] running task createConversation","timestamp":"2026-03-19T21:18:01.185Z"}
{"category":"microtasks","level":"info","message":"[Microtask] completed task createConversation","timestamp":"2026-03-19T21:18:01.190Z"}
{"category":"microtasks","level":"info","message":"[Microtask] running task saveMessage","timestamp":"2026-03-19T21:18:01.202Z"}
{"category":"microtasks","level":"info","message":"[Microtask] completed task saveMessage","timestamp":"2026-03-19T21:18:01.211Z"}
{"category":"microtasks","level":"info","message":"[Microtask] running task updateConversation","timestamp":"2026-03-19T21:18:01.213Z"}
{"category":"microtasks","level":"info","message":"[Microtask] completed task updateConversation","timestamp":"2026-03-19T21:18:01.219Z"}
{"category":"microtasks","level":"info","message":"[Microtask] running task emitSocketEvent","timestamp":"2026-03-19T21:18:01.221Z"}
{"category":"microtasks","level":"info","message":"[Microtask] completed task emitSocketEvent","timestamp":"2026-03-19T21:18:01.224Z"}
{"category":"microtasks","level":"info","message":"[Microtask] running task updateMetrics","timestamp":"2026-03-19T21:18:01.224Z"}
{"category":"microtasks","level":"info","message":"[Microtask] completed task updateMetrics","timestamp":"2026-03-19T21:18:01.226Z"}
{"category":"microtasks","level":"info","message":"[Microtask] running task createLead","timestamp":"2026-03-20T01:34:40.493Z"}
{"category":"microtasks","level":"info","message":"[Microtask] completed task createLead","timestamp":"2026-03-20T01:34:40.634Z"}
{"category":"microtasks","level":"info","message":"[Microtask] running task createConversation","timestamp":"2026-03-20T01:34:40.635Z"}
{"category":"microtasks","level":"info","message":"[Microtask] completed task createConversation","timestamp":"2026-03-20T01:34:40.642Z"}
{"category":"microtasks","level":"info","message":"[Microtask] running task saveMessage","timestamp":"2026-03-20T01:34:40.655Z"}
{"category":"microtasks","level":"info","message":"[Microtask] completed task saveMessage","timestamp":"2026-03-20T01:34:40.663Z"}
{"category":"microtasks","level":"info","message":"[Microtask] running task updateConversation","timestamp":"2026-03-20T01:34:40.665Z"}
{"category":"microtasks","level":"info","message":"[Microtask] completed task updateConversation","timestamp":"2026-03-20T01:34:40.673Z"}
{"category":"microtasks","level":"info","message":"[Microtask] running task emitSocketEvent","timestamp":"2026-03-20T01:34:40.676Z"}
{"category":"microtasks","level":"info","message":"[Microtask] completed task emitSocketEvent","timestamp":"2026-03-20T01:34:40.677Z"}
{"category":"microtasks","level":"info","message":"[Microtask] running task updateMetrics","timestamp":"2026-03-20T01:34:40.678Z"}
{"category":"microtasks","level":"info","message":"[Microtask] completed task updateMetrics","timestamp":"2026-03-20T01:34:40.678Z"}
{"category":"microtasks","level":"info","message":"[Microtask] running task createLead","timestamp":"2026-03-20T01:35:52.925Z"}
{"category":"microtasks","level":"info","message":"[Microtask] completed task createLead","timestamp":"2026-03-20T01:35:52.961Z"}
{"category":"microtasks","level":"info","message":"[Microtask] running task createConversation","timestamp":"2026-03-20T01:35:52.962Z"}
{"category":"microtasks","level":"info","message":"[Microtask] completed task createConversation","timestamp":"2026-03-20T01:35:52.965Z"}
{"category":"microtasks","level":"info","message":"[Microtask] running task saveMessage","timestamp":"2026-03-20T01:35:52.968Z"}
{"category":"microtasks","level":"info","message":"[Microtask] completed task saveMessage","timestamp":"2026-03-20T01:35:52.974Z"}
{"category":"microtasks","level":"info","message":"[Microtask] running task updateConversation","timestamp":"2026-03-20T01:35:52.975Z"}
{"category":"microtasks","level":"info","message":"[Microtask] completed task updateConversation","timestamp":"2026-03-20T01:35:52.978Z"}
{"category":"microtasks","level":"info","message":"[Microtask] running task emitSocketEvent","timestamp":"2026-03-20T01:35:52.979Z"}
{"category":"microtasks","level":"info","message":"[Microtask] completed task emitSocketEvent","timestamp":"2026-03-20T01:35:52.980Z"}
{"category":"microtasks","level":"info","message":"[Microtask] running task updateMetrics","timestamp":"2026-03-20T01:35:52.980Z"}
{"category":"microtasks","level":"info","message":"[Microtask] completed task updateMetrics","timestamp":"2026-03-20T01:35:52.981Z"}
